Microchip MPLAB XC8 Compiler V2.40

Linker command line:

-W-3 \
  --edf=D:\Program Files\Microchip\xc8\v2.40\pic\dat\20220703182018_en.msgs \
  -cn -h+dist/default/production\auto_rob.production.sym \
  --cmf=dist/default/production\auto_rob.production.cmf -z -Q16F1778 \
  -oC:\Users\hirot\AppData\Local\Temp\xcAskr8.4 --defsym=__MPLAB_BUILD=1 \
  --fixupoverflow=error -Mdist/default/production/auto_rob.production.map \
  --md=C:\Users\hirot\AppData\Local\Temp\xcAskr8.dat -E1 -ver=XC8 Compiler \
  --acfsm=1493 -ACODE=00h-07FFhx8 -ASTRCODE=00h-03FFFh -ASTRING=00h-0FFhx64 \
  -ACONST=00h-0FFhx64 -AENTRY=00h-0FFhx64 -ACOMMON=070h-07Fh \
  -ABANK0=020h-06Fh -ABANK1=0A0h-0EFh -ABANK2=0120h-016Fh \
  -ABANK3=01A0h-01EFh -ABANK4=0220h-026Fh -ABANK5=02A0h-02EFh \
  -ABANK6=0320h-036Fh -ABANK7=03A0h-03EFh -ABANK8=0420h-046Fh \
  -ABANK9=04A0h-04EFh -ABANK10=0520h-056Fh -ABANK11=05A0h-05EFh \
  -ABANK12=0620h-064Fh -ABANK13=06A0h-06EFh -ABANK14=0720h-076Fh \
  -ABANK15=07A0h-07EFh -ABANK16=0820h-086Fh -ABANK17=08A0h-08EFh \
  -ABANK18=0920h-096Fh -ABANK19=09A0h-09EFh -ABANK20=0A20h-0A6Fh \
  -ABANK21=0AA0h-0AEFh -ABANK22=0B20h-0B6Fh -ABANK23=0BA0h-0BEFh \
  -ABANK24=0C20h-0C6Fh -ABANK25=0CA0h-0CBFh \
  -ABIGRAM=02000h-023EFh,02410h-027EFh \
  -ARAM=020h-06Fh,0A0h-0EFh,0120h-016Fh,01A0h-01EFh,0220h-026Fh,02A0h-02EFh,0320h-036Fh,03A0h-03EFh,0420h-046Fh,04A0h-04EFh,0520h-056Fh,05A0h-05EFh,0620h-064Fh,06A0h-06EFh,0720h-076Fh,07A0h-07EFh,0820h-086Fh,08A0h-08EFh,0920h-096Fh,09A0h-09EFh,0A20h-0A6Fh,0AA0h-0AEFh,0B20h-0B6Fh,0BA0h-0BEFh,0C20h-0C6Fh,0CA0h-0CBFh \
  -AABS1=020h-07Fh,0A0h-0EFh,0120h-016Fh,01A0h-01EFh,0220h-026Fh,02A0h-02EFh,0320h-036Fh,03A0h-03EFh,0420h-046Fh,04A0h-04EFh,0520h-056Fh,05A0h-05EFh,0620h-064Fh,06A0h-06EFh,0720h-076Fh,07A0h-07EFh,0820h-086Fh,08A0h-08EFh,0920h-096Fh,09A0h-09EFh,0A20h-0A6Fh,0AA0h-0AEFh,0B20h-0B6Fh,0BA0h-0BEFh,0C20h-0C6Fh,0CA0h-0CBFh \
  -ASFR0=00h-01Fh -ASFR1=080h-09Fh -ASFR2=0100h-011Fh -ASFR3=0180h-019Fh \
  -ASFR4=0200h-021Fh -ASFR5=0280h-029Fh -ASFR6=0300h-031Fh \
  -ASFR7=0380h-039Fh -ASFR8=0400h-041Fh -ASFR9=0480h-049Fh \
  -ASFR10=0500h-051Fh -ASFR11=0580h-059Fh -ASFR12=0600h-061Fh \
  -ASFR13=0680h-069Fh -ASFR14=0700h-071Fh -ASFR15=0780h-079Fh \
  -ASFR16=0800h-081Fh -ASFR17=0880h-089Fh -ASFR18=0900h-091Fh \
  -ASFR19=0980h-099Fh -ASFR20=0A00h-0A1Fh -ASFR21=0A80h-0A9Fh \
  -ASFR22=0B00h-0B1Fh -ASFR23=0B80h-0B9Fh -ASFR24=0C00h-0C1Fh \
  -ASFR25=0C80h-0C9Fh -ASFR26=0D00h-0D6Fh -ASFR27=0D80h-0DEFh \
  -ASFR28=0E00h-0E6Fh -ASFR29=0E80h-0EEFh -ASFR30=0F00h-0F6Fh \
  -ASFR31=0F80h-0FEFh -ACONFIG=08007h-08008h -DCONFIG=2 \
  -AIDLOC=08000h-08003h -DIDLOC=2 -DCODE=2 -DSTRCODE=2 -DSTRING=2 -DCONST=2 \
  -DENTRY=2 -preset_vec=00h,intentry=04h,init,end_init -ppowerup=CODE \
  -pcinit=CODE -pfunctab=ENTRY -k \
  C:\Users\hirot\AppData\Local\Temp\xcAskr8.o \
  dist/default/production\auto_rob.production.o 

Object code version is 3.11

Machine type is 16F1778



                Name                               Link     Load   Length Selector   Space Scale
C:\Users\hirot\AppData\Local\Temp\xcAskr8.o
                end_init                             1E       1E        2        8       0
                reset_vec                             0        0        2        0       0
                config                             8007     8007        2        0       4
                idloc                              8000     8000        4        0       5
dist/default/production\auto_rob.production.o
                cinit                                20       20       1E        8       0
                intentry                              4        4       1A        8       0
                config                             8007     8007        2        0       4
                idloc                              8000     8000        4        0       5
                text13                              273      273       84        8       0
                text12                              2F7      2F7       71        8       0
                text11                              464      464        B        8       0
                text10                              48D      48D        6      8F0       0
                text9                               368      368       41        8       0
                text8                               3DE      3DE       24        8       0
                text7                               3A9      3A9       35        8       0
                text6                               113      113       C0        8       0
                text5                               1D3      1D3       A0        8       0
                text4                               422      422       1C        8       0
                text3                               456      456        E        8       0
                text2                               402      402       20        8       0
                text1                               478      478        9      8F0       0
                maintext                             3E       3E       D5        8       0
                cstackBANK0                          20       20       47       20       1
                cstackCOMMON                         70       70        E       70       1
                cstackBANK1                          D8       D8       18       A0       1
                clrtext                             487      487        6      8F0       0
                inittext                            481      481        6      8F0       0
                dataBANK1                            C0       C0       18       A0       1
                bssBANK1                             A0       A0       20       A0       1
                bssBANK0                             67       67        6       20       1
                stringtext1                         46F      46F        9      8DE       0
                idataBANK1                          43E      43E       18        8       0

TOTAL           Name                               Link     Load   Length     Space
        CLASS   CODE           
                end_init                             1E       1E        2         0
                cinit                                20       20       1E         0
                intentry                              4        4       1A         0
                reset_vec                             0        0        2         0
                text13                              273      273       84         0
                text12                              2F7      2F7       71         0
                text11                              464      464        B         0
                text10                              48D      48D        6         0
                text9                               368      368       41         0
                text8                               3DE      3DE       24         0
                text7                               3A9      3A9       35         0
                text6                               113      113       C0         0
                text5                               1D3      1D3       A0         0
                text4                               422      422       1C         0
                text3                               456      456        E         0
                text2                               402      402       20         0
                text1                               478      478        9         0
                maintext                             3E       3E       D5         0
                clrtext                             487      487        6         0
                inittext                            481      481        6         0
                idataBANK1                          43E      43E       18         0

        CLASS   STRCODE        
                stringtext1                         46F      46F        9         0

        CLASS   STRING         

        CLASS   CONST          

        CLASS   ENTRY          

        CLASS   COMMON         
                cstackCOMMON                         70       70        E         1

        CLASS   BANK0          
                cstackBANK0                          20       20       47         1
                bssBANK0                             67       67        6         1

        CLASS   BANK1          
                cstackBANK1                          D8       D8       18         1
                dataBANK1                            C0       C0       18         1
                bssBANK1                             A0       A0       20         1

        CLASS   BANK2          

        CLASS   BANK3          

        CLASS   BANK4          

        CLASS   BANK5          

        CLASS   BANK6          

        CLASS   BANK7          

        CLASS   BANK8          

        CLASS   BANK9          

        CLASS   BANK10         

        CLASS   BANK11         

        CLASS   BANK12         

        CLASS   BANK13         

        CLASS   BANK14         

        CLASS   BANK15         

        CLASS   BANK16         

        CLASS   BANK17         

        CLASS   BANK18         

        CLASS   BANK19         

        CLASS   BANK20         

        CLASS   BANK21         

        CLASS   BANK22         

        CLASS   BANK23         

        CLASS   BANK24         

        CLASS   BANK25         

        CLASS   BIGRAM         

        CLASS   RAM            

        CLASS   ABS1           
                abs_s1                               7E       7E        2         1

        CLASS   SFR0           

        CLASS   SFR1           

        CLASS   SFR2           

        CLASS   SFR3           

        CLASS   SFR4           

        CLASS   SFR5           

        CLASS   SFR6           

        CLASS   SFR7           

        CLASS   SFR8           

        CLASS   SFR9           

        CLASS   SFR10          

        CLASS   SFR11          

        CLASS   SFR12          

        CLASS   SFR13          

        CLASS   SFR14          

        CLASS   SFR15          

        CLASS   SFR16          

        CLASS   SFR17          

        CLASS   SFR18          

        CLASS   SFR19          

        CLASS   SFR20          

        CLASS   SFR21          

        CLASS   SFR22          

        CLASS   SFR23          

        CLASS   SFR24          

        CLASS   SFR25          

        CLASS   SFR26          

        CLASS   SFR27          

        CLASS   SFR28          

        CLASS   SFR29          

        CLASS   SFR30          

        CLASS   SFR31          

        CLASS   CONFIG         
                config                             8007     8007        2         4

        CLASS   IDLOC          
                idloc                              8000     8000        4         5

        CLASS   BANK31         

        CLASS   BANK30         

        CLASS   BANK29         

        CLASS   BANK28         

        CLASS   BANK27         

        CLASS   BANK26         

        CLASS   HEAP           

        CLASS   STACK          

        CLASS   EEDATA         



SEGMENTS        Name                           Load    Length   Top    Selector   Space  Class     Delta

                reset_vec                      000000  000002  000002         0       0  CODE        2
                intentry                       000004  00046B  00046F         8       0  CODE        2
                cstackBANK0                    000020  00004D  00006D        20       1  BANK0       1
                cstackCOMMON                   000070  00000E  00007E        70       1  COMMON      1
                bssBANK1                       0000A0  000050  0000F0        A0       1  BANK1       1
                stringtext1                    00046F  000009  000478       8DE       0  STRCODE     2
                text1                          000478  00001B  000493       8F0       0  CODE        2


UNUSED ADDRESS RANGES

        Name                Unused          Largest block    Delta
        BANK0            0006D-0006F               3           1
        BANK10           00520-0056F              50           1
        BANK11           005A0-005EF              50           1
        BANK12           00620-0064F              30           1
        BANK13           006A0-006EF              50           1
        BANK14           00720-0076F              50           1
        BANK15           007A0-007EF              50           1
        BANK16           00820-0086F              50           1
        BANK17           008A0-008EF              50           1
        BANK18           00920-0096F              50           1
        BANK19           009A0-009EF              50           1
        BANK2            00120-0016F              50           1
        BANK20           00A20-00A6F              50           1
        BANK21           00AA0-00AEF              50           1
        BANK22           00B20-00B6F              50           1
        BANK23           00BA0-00BEF              50           1
        BANK24           00C20-00C6F              50           1
        BANK25           00CA0-00CBF              20           1
        BANK3            001A0-001EF              50           1
        BANK4            00220-0026F              50           1
        BANK5            002A0-002EF              50           1
        BANK6            00320-0036F              50           1
        BANK7            003A0-003EF              50           1
        BANK8            00420-0046F              50           1
        BANK9            004A0-004EF              50           1
        BIGRAM           02000-023EF             3F0           1
                         02410-027EF             3E0
        CODE             00002-00003               2           2
                         00493-03FFF             800
        CONST            00002-00003               2           2
                         00493-03FFF             100
        ENTRY            00002-00003               2           2
                         00493-03FFF             100
        RAM              0006D-0006F               3           1
                         00120-0016F              50
                         001A0-001EF              50
                         00220-0026F              50
                         002A0-002EF              50
                         00320-0036F              50
                         003A0-003EF              50
                         00420-0046F              50
                         004A0-004EF              50
                         00520-0056F              50
                         005A0-005EF              50
                         00620-0064F              30
                         006A0-006EF              50
                         00720-0076F              50
                         007A0-007EF              50
                         00820-0086F              50
                         008A0-008EF              50
                         00920-0096F              50
                         009A0-009EF              50
                         00A20-00A6F              50
                         00AA0-00AEF              50
                         00B20-00B6F              50
                         00BA0-00BEF              50
                         00C20-00C6F              50
                         00CA0-00CBF              20
        SFR0             00000-0001F              20           1
        SFR1             00080-0009F              20           1
        SFR10            00500-0051F              20           1
        SFR11            00580-0059F              20           1
        SFR12            00600-0061F              20           1
        SFR13            00680-0069F              20           1
        SFR14            00700-0071F              20           1
        SFR15            00780-0079F              20           1
        SFR16            00800-0081F              20           1
        SFR17            00880-0089F              20           1
        SFR18            00900-0091F              20           1
        SFR19            00980-0099F              20           1
        SFR2             00100-0011F              20           1
        SFR20            00A00-00A1F              20           1
        SFR21            00A80-00A9F              20           1
        SFR22            00B00-00B1F              20           1
        SFR23            00B80-00B9F              20           1
        SFR24            00C00-00C1F              20           1
        SFR25            00C80-00C9F              20           1
        SFR26            00D00-00D6F              70           1
        SFR27            00D80-00DEF              70           1
        SFR28            00E00-00E6F              70           1
        SFR29            00E80-00EEF              70           1
        SFR3             00180-0019F              20           1
        SFR30            00F00-00F6F              70           1
        SFR31            00F80-00FEF              70           1
        SFR4             00200-0021F              20           1
        SFR5             00280-0029F              20           1
        SFR6             00300-0031F              20           1
        SFR7             00380-0039F              20           1
        SFR8             00400-0041F              20           1
        SFR9             00480-0049F              20           1
        STRCODE          00002-00003               2           2
                         00493-03FFF            3B6D
        STRING           00002-00003               2           2
                         00493-03FFF             100

                                  Symbol Table

?_ADC_result             cstackCOMMON 00070
?___lodiv                cstackBANK0  00020
?___lomod                cstackBANK0  00020
?_printf                 cstackBANK0  00060
?_sensorA_Read           cstackCOMMON 00076
?_vfprintf               cstackBANK0  00059
ADC_result@adcValue      cstackCOMMON 00073
ADC_result@ch            cstackCOMMON 00075
DataWrite@data           cstackCOMMON 00070
_ADCON0                  (abs)        00490
_ADCON0bits              (abs)        00490
_ADCON1                  (abs)        00491
_ADC_result              text2        00402
_ADRESH                  (abs)        0048F
_ADRESL                  (abs)        0048E
_ANSELA                  (abs)        0018C
_ANSELB                  (abs)        0018D
_ANSELC                  (abs)        0018E
_BAUD1CON                (abs)        0019F
_CCP1CON                 (abs)        00293
_CCP2CON                 (abs)        00297
_CCPR1H                  (abs)        00292
_CCPR1L                  (abs)        00291
_CCPR2H                  (abs)        00296
_CCPR2L                  (abs)        00295
_CCPTMRS1bits            (abs)        0029E
_CCPTMRS2bits            (abs)        0029F
_DataWrite               text11       00464
_INTCONbits              (abs)        0000B
_ISR                     intentry     00004
_LATA                    (abs)        0010C
_LATAbits                (abs)        0010C
_LATB                    (abs)        0010D
_LATBbits                (abs)        0010D
_LATC                    (abs)        0010E
_LATCbits                (abs)        0010E
_OPTION_REGbits          (abs)        00097
_OSCCON                  (abs)        0009B
_PIE1bits                (abs)        00091
_PIR1bits                (abs)        00011
_PORTAbits               (abs)        0000C
_PWM3CON                 (abs)        00616
_PWM3DCH                 (abs)        00615
_PWM3DCL                 (abs)        00614
_PWM4CON                 (abs)        00619
_PWM4DCH                 (abs)        00618
_PWM4DCL                 (abs)        00617
_PWM5CLKCON              (abs)        00D9E
_PWM5CON                 (abs)        00D9B
_PWM5DCH                 (abs)        00D94
_PWM5DCL                 (abs)        00D93
_PWM5LDCON               (abs)        00D9F
_PWM5LDCONbits           (abs)        00D9F
_PWM5OFCON               (abs)        00DA0
_PWM5OFH                 (abs)        00D98
_PWM5OFL                 (abs)        00D97
_PWM5PHH                 (abs)        00D92
_PWM5PHL                 (abs)        00D91
_PWM5PRH                 (abs)        00D96
_PWM5PRL                 (abs)        00D95
_PWM5TMRH                (abs)        00D9A
_PWM5TMRL                (abs)        00D99
_PWM6CLKCON              (abs)        00DAE
_PWM6CON                 (abs)        00DAB
_PWM6DCH                 (abs)        00DA4
_PWM6DCL                 (abs)        00DA3
_PWM6LDCON               (abs)        00DAF
_PWM6LDCONbits           (abs)        00DAF
_PWM6OFCON               (abs)        00DB0
_PWM6OFH                 (abs)        00DA8
_PWM6OFL                 (abs)        00DA7
_PWM6PHH                 (abs)        00DA2
_PWM6PHL                 (abs)        00DA1
_PWM6PRH                 (abs)        00DA6
_PWM6PRL                 (abs)        00DA5
_PWM6TMRH                (abs)        00DAA
_PWM6TMRL                (abs)        00DA9
_PWM9CON                 (abs)        0061C
_PWM9DCH                 (abs)        0061B
_PWM9DCL                 (abs)        0061A
_RA4PPS                  (abs)        00E94
_RA5PPS                  (abs)        00E95
_RA6PPS                  (abs)        00E96
_RA7PPS                  (abs)        00E97
_RB3PPS                  (abs)        00E9B
_RB4PPS                  (abs)        00E9C
_RC0PPS                  (abs)        00EA0
_RC1PPS                  (abs)        00EA1
_RC1REG                  (abs)        00199
_RC1STA                  (abs)        0019D
_RC1STAbits              (abs)        0019D
_RC2PPS                  (abs)        00EA2
_RC3PPS                  (abs)        00EA3
_RC4PPS                  (abs)        00EA4
_RC5PPS                  (abs)        00EA5
_RC7PPS                  (abs)        00EA7
_RXPPS                   (abs)        00E3D
_SP1BRGH                 (abs)        0019C
_SP1BRGL                 (abs)        0019B
_T2CLKCONbits            (abs)        00497
_T2CON                   (abs)        00495
_T2PR                    (abs)        00494
_TRISA                   (abs)        0008C
_TRISB                   (abs)        0008D
_TRISC                   (abs)        0008E
_TX1REG                  (abs)        0019A
_TX1STA                  (abs)        0019E
_WPUA                    (abs)        0020C
_WPUB                    (abs)        0020D
_WPUC                    (abs)        0020E
__Habs1                  abs1         00000
__Hbank0                 bank0        00000
__Hbank1                 bank1        00000
__Hbank10                bank10       00000
__Hbank11                bank11       00000
__Hbank12                bank12       00000
__Hbank13                bank13       00000
__Hbank14                bank14       00000
__Hbank15                bank15       00000
__Hbank16                bank16       00000
__Hbank17                bank17       00000
__Hbank18                bank18       00000
__Hbank19                bank19       00000
__Hbank2                 bank2        00000
__Hbank20                bank20       00000
__Hbank21                bank21       00000
__Hbank22                bank22       00000
__Hbank23                bank23       00000
__Hbank24                bank24       00000
__Hbank25                bank25       00000
__Hbank26                bank26       00000
__Hbank27                bank27       00000
__Hbank28                bank28       00000
__Hbank29                bank29       00000
__Hbank3                 bank3        00000
__Hbank30                bank30       00000
__Hbank31                bank31       00000
__Hbank4                 bank4        00000
__Hbank5                 bank5        00000
__Hbank6                 bank6        00000
__Hbank7                 bank7        00000
__Hbank8                 bank8        00000
__Hbank9                 bank9        00000
__Hbigram                bigram       00000
__HbssBANK0              bssBANK0     00000
__HbssBANK1              bssBANK1     00000
__Hcinit                 cinit        0003E
__Hclrtext               clrtext      00000
__Hcode                  code         00000
__Hcommon                common       00000
__Hconfig                config       08009
__HcstackBANK0           cstackBANK0  00000
__HcstackBANK1           cstackBANK1  00000
__HcstackCOMMON          cstackCOMMON 00000
__HdataBANK1             dataBANK1    00000
__Heeprom_data           eeprom_data  00000
__Hend_init              end_init     00020
__Hfunctab               functab      00000
__Hheap                  heap         00000
__HidataBANK1            idataBANK1   00000
__Hidloc                 idloc        08004
__Hinit                  init         0001E
__Hinittext              inittext     00000
__Hintentry              intentry     0001E
__Hmaintext              maintext     00000
__Hpowerup               powerup      00000
__Hram                   ram          00000
__Hreset_vec             reset_vec    00002
__Hsfr0                  sfr0         00000
__Hsfr1                  sfr1         00000
__Hsfr10                 sfr10        00000
__Hsfr11                 sfr11        00000
__Hsfr12                 sfr12        00000
__Hsfr13                 sfr13        00000
__Hsfr14                 sfr14        00000
__Hsfr15                 sfr15        00000
__Hsfr16                 sfr16        00000
__Hsfr17                 sfr17        00000
__Hsfr18                 sfr18        00000
__Hsfr19                 sfr19        00000
__Hsfr2                  sfr2         00000
__Hsfr20                 sfr20        00000
__Hsfr21                 sfr21        00000
__Hsfr22                 sfr22        00000
__Hsfr23                 sfr23        00000
__Hsfr24                 sfr24        00000
__Hsfr25                 sfr25        00000
__Hsfr26                 sfr26        00000
__Hsfr27                 sfr27        00000
__Hsfr28                 sfr28        00000
__Hsfr29                 sfr29        00000
__Hsfr3                  sfr3         00000
__Hsfr30                 sfr30        00000
__Hsfr31                 sfr31        00000
__Hsfr4                  sfr4         00000
__Hsfr5                  sfr5         00000
__Hsfr6                  sfr6         00000
__Hsfr7                  sfr7         00000
__Hsfr8                  sfr8         00000
__Hsfr9                  sfr9         00000
__Hspace_0               (abs)        00493
__Hspace_1               (abs)        000F0
__Hspace_2               (abs)        00000
__Hspace_3               (abs)        00000
__Hspace_4               (abs)        10010
__Hstack                 stack        00000
__Hstrings               strings      00000
__Hstringtext1           stringtext1  00000
__Hstringtext2           stringtext2  00000
__Htext                  text         00000
__Labs1                  abs1         00000
__Lbank0                 bank0        00000
__Lbank1                 bank1        00000
__Lbank10                bank10       00000
__Lbank11                bank11       00000
__Lbank12                bank12       00000
__Lbank13                bank13       00000
__Lbank14                bank14       00000
__Lbank15                bank15       00000
__Lbank16                bank16       00000
__Lbank17                bank17       00000
__Lbank18                bank18       00000
__Lbank19                bank19       00000
__Lbank2                 bank2        00000
__Lbank20                bank20       00000
__Lbank21                bank21       00000
__Lbank22                bank22       00000
__Lbank23                bank23       00000
__Lbank24                bank24       00000
__Lbank25                bank25       00000
__Lbank26                bank26       00000
__Lbank27                bank27       00000
__Lbank28                bank28       00000
__Lbank29                bank29       00000
__Lbank3                 bank3        00000
__Lbank30                bank30       00000
__Lbank31                bank31       00000
__Lbank4                 bank4        00000
__Lbank5                 bank5        00000
__Lbank6                 bank6        00000
__Lbank7                 bank7        00000
__Lbank8                 bank8        00000
__Lbank9                 bank9        00000
__Lbigram                bigram       00000
__LbssBANK0              bssBANK0     00000
__LbssBANK1              bssBANK1     00000
__Lcinit                 cinit        00020
__Lclrtext               clrtext      00000
__Lcode                  code         00000
__Lcommon                common       00000
__Lconfig                config       00000
__LcstackBANK0           cstackBANK0  00000
__LcstackBANK1           cstackBANK1  00000
__LcstackCOMMON          cstackCOMMON 00000
__LdataBANK1             dataBANK1    00000
__Leeprom_data           eeprom_data  00000
__Lend_init              end_init     0001E
__Lfunctab               functab      00000
__Lheap                  heap         00000
__LidataBANK1            idataBANK1   00000
__Lidloc                 idloc        00000
__Linit                  init         0001E
__Linittext              inittext     00000
__Lintentry              intentry     00004
__Lmaintext              maintext     00000
__Lpowerup               powerup      00000
__Lram                   ram          00000
__Lreset_vec             reset_vec    00000
__Lsfr0                  sfr0         00000
__Lsfr1                  sfr1         00000
__Lsfr10                 sfr10        00000
__Lsfr11                 sfr11        00000
__Lsfr12                 sfr12        00000
__Lsfr13                 sfr13        00000
__Lsfr14                 sfr14        00000
__Lsfr15                 sfr15        00000
__Lsfr16                 sfr16        00000
__Lsfr17                 sfr17        00000
__Lsfr18                 sfr18        00000
__Lsfr19                 sfr19        00000
__Lsfr2                  sfr2         00000
__Lsfr20                 sfr20        00000
__Lsfr21                 sfr21        00000
__Lsfr22                 sfr22        00000
__Lsfr23                 sfr23        00000
__Lsfr24                 sfr24        00000
__Lsfr25                 sfr25        00000
__Lsfr26                 sfr26        00000
__Lsfr27                 sfr27        00000
__Lsfr28                 sfr28        00000
__Lsfr29                 sfr29        00000
__Lsfr3                  sfr3         00000
__Lsfr30                 sfr30        00000
__Lsfr31                 sfr31        00000
__Lsfr4                  sfr4         00000
__Lsfr5                  sfr5         00000
__Lsfr6                  sfr6         00000
__Lsfr7                  sfr7         00000
__Lsfr8                  sfr8         00000
__Lsfr9                  sfr9         00000
__Lspace_0               (abs)        00000
__Lspace_1               (abs)        00000
__Lspace_2               (abs)        00000
__Lspace_3               (abs)        00000
__Lspace_4               (abs)        00000
__Lstack                 stack        00000
__Lstrings               strings      00000
__Lstringtext1           stringtext1  00000
__Lstringtext2           stringtext2  00000
__Ltext                  text         00000
__S0                     (abs)        00493
__S1                     (abs)        000F0
___heap_hi               (abs)        00000
___heap_lo               (abs)        00000
___int_sp                stack        00000
___latbits               (abs)        00003
___lodiv                 text13       00273
___lodiv@counter         cstackCOMMON 00079
___lodiv@dividend        cstackBANK0  00028
___lodiv@divisor         cstackBANK0  00020
___lodiv@quotient        cstackCOMMON 00071
___lomod                 text12       002F7
___lomod@counter         cstackCOMMON 00071
___lomod@dividend        cstackBANK0  00028
___lomod@divisor         cstackBANK0  00020
___sp                    stack        00000
___stackhi               (abs)        00000
___stacklo               (abs)        00000
__end_of_ADC_result      text2        00422
__end_of_DataWrite       text11       0046F
__end_of_ISR             intentry     0001E
__end_of___lodiv         text13       002F7
__end_of___lomod         text12       00368
__end_of__initialization cinit        0003A
__end_of_fputc           text9        003A9
__end_of_fputs           text8        00402
__end_of_main            maintext     00113
__end_of_pad             text7        003DE
__end_of_printf          text3        00464
__end_of_putch           text10       00493
__end_of_sensorA_Read    text1        00481
__end_of_utoa            text6        001D3
__end_of_vfpfcnvrt       text5        00273
__end_of_vfprintf        text4        0043E
__initialization         cinit        00020
__pbssBANK0              bssBANK0     00067
__pbssBANK1              bssBANK1     000A0
__pcstackBANK0           cstackBANK0  00020
__pcstackBANK1           cstackBANK1  000D8
__pcstackCOMMON          cstackCOMMON 00070
__pdataBANK1             dataBANK1    000C0
__pidataBANK1            idataBANK1   0043E
__pintentry              intentry     00004
__pmaintext              maintext     0003E
__pstringtext1           stringtext1  0046F
__pstringtext2           stringtext2  00000
__ptext1                 text1        00478
__ptext10                text10       0048D
__ptext11                text11       00464
__ptext12                text12       002F7
__ptext13                text13       00273
__ptext2                 text2        00402
__ptext3                 text3        00456
__ptext4                 text4        00422
__ptext5                 text5        001D3
__ptext6                 text6        00113
__ptext7                 text7        003A9
__ptext8                 text8        003DE
__ptext9                 text9        00368
_dbuf                    bssBANK1     000A0
_flags                   bssBANK0     0006B
_fputc                   text9        00368
_fputs                   text8        003DE
_g_ReadData              bssBANK0     0006C
_main                    maintext     0003E
_pad                     text7        003A9
_prec                    bssBANK0     00069
_printf                  text3        00456
_putch                   text10       0048D
_sensorA_Read            text1        00478
_utoa                    text6        00113
_vfpfcnvrt               text5        001D3
_vfprintf                text4        00422
_width                   bssBANK0     00067
btemp                    (abs)        0007E
clear_ram0               clrtext      00487
end_of_initialization    cinit        0003A
fputc@c                  cstackCOMMON 00072
fputc@fp                 cstackCOMMON 00074
fputs@c                  cstackBANK0  00020
fputs@fp                 cstackCOMMON 0007A
fputs@i                  cstackBANK0  00021
fputs@s                  cstackBANK0  00023
init_ram                 inittext     00481
int$flags                (abs)        0007E
intlevel0                functab      00000
intlevel1                functab      00000
intlevel2                functab      00000
intlevel3                functab      00000
intlevel4                functab      00000
intlevel5                functab      00000
main@F12361              dataBANK1    000C0
main@str                 cstackBANK1  000D8
pad@buf                  cstackBANK0  00024
pad@fp                   cstackBANK0  0002B
pad@i                    cstackBANK0  00027
pad@p                    cstackBANK0  00025
pad@w                    cstackBANK0  00029
printf@ap                cstackBANK0  00064
printf@fmt               cstackBANK0  00060
putch@data               cstackCOMMON 00071
reset_vec                reset_vec    00000
start                    init         0001E
start_initialization     cinit        00020
utoa@d                   cstackBANK0  00030
utoa@fp                  cstackBANK0  0003D
utoa@i                   cstackBANK0  00046
utoa@n                   cstackBANK0  0003E
utoa@p                   cstackBANK0  0003B
utoa@w                   cstackBANK0  00039
vfpfcnvrt@ap             cstackBANK0  00049
vfpfcnvrt@convarg        cstackBANK0  0004E
vfpfcnvrt@cp             cstackBANK0  00057
vfpfcnvrt@fmt            cstackBANK0  00048
vfpfcnvrt@fp             cstackBANK0  00056
vfprintf@ap              cstackBANK0  0005B
vfprintf@cfmt            cstackBANK0  0005E
vfprintf@fmt             cstackBANK0  00059
vfprintf@fp              cstackBANK0  0005D
wtemp0                   (abs)        0007E


MODULE INFORMATION

Module		Function		Class		Link	Load	Size
D:\Program Files\Microchip\xc8\v2.40\pic\sources\c99\common\lodiv.c
		___lodiv       		CODE           	0273	0000	132

D:\Program Files\Microchip\xc8\v2.40\pic\sources\c99\common\lodiv.c estimated size: 132

D:\Program Files\Microchip\xc8\v2.40\pic\sources\c99\common\printf.c
		_printf        		CODE           	0456	0000	14

D:\Program Files\Microchip\xc8\v2.40\pic\sources\c99\common\printf.c estimated size: 14

D:\Program Files\Microchip\xc8\v2.40\pic\sources\c99\common\nf_fputs.c
		_fputs         		CODE           	03DE	0000	36

D:\Program Files\Microchip\xc8\v2.40\pic\sources\c99\common\nf_fputs.c estimated size: 36

D:\Program Files\Microchip\xc8\v2.40\pic\sources\c99\common\doprnt.c
		_vfpfcnvrt     		CODE           	01D3	0000	160
		_pad           		CODE           	03A9	0000	53
		_vfprintf      		CODE           	0422	0000	28
		_utoa          		CODE           	0113	0000	192

D:\Program Files\Microchip\xc8\v2.40\pic\sources\c99\common\doprnt.c estimated size: 433

shared
		__initialization		CODE           	0020	0000	26

shared estimated size: 26

D:\Program Files\Microchip\xc8\v2.40\pic\sources\c99\common\nf_fputc.c
		_fputc         		CODE           	0368	0000	65

D:\Program Files\Microchip\xc8\v2.40\pic\sources\c99\common\nf_fputc.c estimated size: 65

D:\Program Files\Microchip\xc8\v2.40\pic\sources\c99\common\lomod.c
		___lomod       		CODE           	02F7	0000	113

D:\Program Files\Microchip\xc8\v2.40\pic\sources\c99\common\lomod.c estimated size: 113

main.c
		_ISR           		CODE           	0004	0000	26
		_putch         		CODE           	048D	0000	6
		_sensorA_Read  		CODE           	0478	0000	9
		_main          		CODE           	003E	0000	213
		_DataWrite     		CODE           	0464	0000	11
		_ADC_result    		CODE           	0402	0000	32

main.c estimated size: 297

